
> qlert@0.1.0 build
> next build

Γû▓ Next.js 16.1.6 (Turbopack)

  Creating an optimized production build ...
Γ£ô Compiled successfully in 18.6s
  Running TypeScript ...
node.exe : Failed to compile.
At line:1 char:1
+ & "C:\Program 
Files\nodejs/node.exe" 
"C:\Program 
Files\nodejs/node_mo ...
+ ~~~~~~~~~~~~~~~~~~~~~~~~~~~
~~~~~~~~~~~~~~~~~~~~~~~~~~~~~
~~~~~~~~~~~~~
    + CategoryInfo           
   : NotSpecified: (Failed   
  to compile.:String) [],    
 RemoteException
    + FullyQualifiedErrorId  
   : NativeCommandError
 

./src/app/blog/page.tsx:94:34
Type error: Cannot find name 
'motion'. Did you mean 
'Option'?

[0m [90m 92 |[39m         
                
[33m<[39m[33mdiv[39m clas
sName[33m=[39m[32m"grid 
grid-cols-1 lg:grid-cols-2"[
39m[33m>[39m
 [90m 93 |[39m             
                
[33m<[39m[33mdiv[39m clas
sName[33m=[39m[32m"p-12 
lg:p-16 flex flex-col 
justify-center relative 
z-10"[39m[33m>[39m
[31m[1m>[22m[39m[90m 94 
|[39m                       
          [33m<[39m[33mmot
ion[39m[33m.[39mspan
 [90m    |[39m             
                     
[31m[1m^[22m[39m
 [90m 95 |[39m             
                        
whileHover[33m=[39m{{ 
scale[33m:[39m 
[35m1.05[39m[33m,[39m 
x[33m:[39m [35m5[39m }}
 [90m 96 |[39m             
                        class
Name[33m=[39m[32m"bg-secon
dary text-primary px-4 
py-1.5 rounded-full 
text-[10px] font-black 
uppercase tracking-[0.2em] 
mb-8 inline-block w-fit 
shadow-xl"[39m
 [90m 97 |[39m             
                    
[33m>[39m[0m
Next.js build worker exited 
with code: 1 and signal: null
